current directory: /home/runner/work/ConfigLMM/ConfigLMM/vendor/bundle/ruby/3.2.0/gems/ruby-libvirt-0.8.4/ext/libvirt
/usr/bin/ruby3.2 -I/usr/lib/ruby/vendor_ruby extconf.rb
*** extconf.rb failed ***
Could not create Makefile due to some reason, probably lack of necessary
libraries and/or headers.  Check the mkmf.log file for more details.  You may
need configuration options.

Provided configuration options:
	--with-opt-dir
	--without-opt-dir
	--with-opt-include
	--without-opt-include=${opt-dir}/include
	--with-opt-lib
	--without-opt-lib=${opt-dir}/lib
	--with-make-prog
	--without-make-prog
	--srcdir=.
	--curdir
	--ruby=/usr/bin/$(RUBY_BASE_NAME)3.2
	--with-libvirt-dir
	--without-libvirt-dir
	--with-libvirt-include
	--without-libvirt-include=${libvirt-dir}/include
	--with-libvirt-lib
	--without-libvirt-lib=${libvirt-dir}/lib
	--with-libvirt-config
	--without-libvirt-config
	--with-pkg-config
	--without-pkg-config
extconf.rb:6:in `<main>': libvirt library not found in default locations (RuntimeError)

To see why this extension failed to compile, please check the mkmf.log which can be found here:

  /home/runner/work/ConfigLMM/ConfigLMM/vendor/bundle/ruby/3.2.0/extensions/x86_64-linux-gnu/3.2.0/ruby-libvirt-0.8.4/mkmf.log

extconf failed, exit code 1
